/home/student2/my_ur_ws/src/my_ur_ROS2/install/my_ur_bringup/lib/python3.12/site-packages/my_ur_bringup/__init__.py
/home/student2/my_ur_ws/src/my_ur_ROS2/install/my_ur_bringup/lib/python3.12/site-packages/my_ur_bringup/__pycache__/__init__.cpython-312.pyc
/home/student2/my_ur_ws/src/my_ur_ROS2/install/my_ur_bringup/share/ament_index/resource_index/packages/my_ur_bringup
/home/student2/my_ur_ws/src/my_ur_ROS2/install/my_ur_bringup/share/my_ur_bringup/package.xml
/home/student2/my_ur_ws/src/my_ur_ROS2/install/my_ur_bringup/share/my_ur_bringup/launch/real_robot.launch.py
/home/student2/my_ur_ws/src/my_ur_ROS2/install/my_ur_bringup/share/my_ur_bringup/launch/demo.launch.py
/home/student2/my_ur_ws/src/my_ur_ROS2/install/my_ur_bringup/share/my_ur_bringup/launch/load_robot_description.launch.py.kanweg
/home/student2/my_ur_ws/src/my_ur_ROS2/install/my_ur_bringup/share/my_ur_bringup/launch/movegroup.launch.py
/home/student2/my_ur_ws/src/my_ur_ROS2/install/my_ur_bringup/share/my_ur_bringup/launch/servo.launch.py
/home/student2/my_ur_ws/src/my_ur_ROS2/install/my_ur_bringup/share/my_ur_bringup/launch/simulation.launch.py
/home/student2/my_ur_ws/src/my_ur_ROS2/install/my_ur_bringup/share/my_ur_bringup/launch/support/my_ur_moveit.launch.py
/home/student2/my_ur_ws/src/my_ur_ROS2/install/my_ur_bringup/share/my_ur_bringup/launch/support/bringup_control.launch.py
/home/student2/my_ur_ws/src/my_ur_ROS2/install/my_ur_bringup/share/my_ur_bringup/rviz/rviz_config.rviz
/home/student2/my_ur_ws/src/my_ur_ROS2/install/my_ur_bringup/share/my_ur_bringup/worlds/empty_world.world
/home/student2/my_ur_ws/src/my_ur_ROS2/install/my_ur_bringup/share/my_ur_bringup/urdf/ur_gz.ros2_control.xacro
/home/student2/my_ur_ws/src/my_ur_ROS2/install/my_ur_bringup/share/my_ur_bringup/config/ur_controllers.yaml
/home/student2/my_ur_ws/src/my_ur_ROS2/install/my_ur_bringup/lib/python3.12/site-packages/my_ur_bringup-0.0.0-py3.12.egg-info/dependency_links.txt
/home/student2/my_ur_ws/src/my_ur_ROS2/install/my_ur_bringup/lib/python3.12/site-packages/my_ur_bringup-0.0.0-py3.12.egg-info/SOURCES.txt
/home/student2/my_ur_ws/src/my_ur_ROS2/install/my_ur_bringup/lib/python3.12/site-packages/my_ur_bringup-0.0.0-py3.12.egg-info/PKG-INFO
/home/student2/my_ur_ws/src/my_ur_ROS2/install/my_ur_bringup/lib/python3.12/site-packages/my_ur_bringup-0.0.0-py3.12.egg-info/zip-safe
/home/student2/my_ur_ws/src/my_ur_ROS2/install/my_ur_bringup/lib/python3.12/site-packages/my_ur_bringup-0.0.0-py3.12.egg-info/requires.txt
/home/student2/my_ur_ws/src/my_ur_ROS2/install/my_ur_bringup/lib/python3.12/site-packages/my_ur_bringup-0.0.0-py3.12.egg-info/top_level.txt
