running egg_info
creating ../build/my_ur_bringup/my_ur_bringup.egg-info
writing ../build/my_ur_bringup/my_ur_bringup.egg-info/PKG-INFO
writing dependency_links to ../build/my_ur_bringup/my_ur_bringup.egg-info/dependency_links.txt
writing requirements to ../build/my_ur_bringup/my_ur_bringup.egg-info/requires.txt
writing top-level names to ../build/my_ur_bringup/my_ur_bringup.egg-info/top_level.txt
writing manifest file '../build/my_ur_bringup/my_ur_bringup.egg-info/SOURCES.txt'
reading manifest file '../build/my_ur_bringup/my_ur_bringup.egg-info/SOURCES.txt'
writing manifest file '../build/my_ur_bringup/my_ur_bringup.egg-info/SOURCES.txt'
running build
running build_py
creating /home/student2/my_ur_ws/src/my_ur_ROS2/build/my_ur_bringup/build
creating /home/student2/my_ur_ws/src/my_ur_ROS2/build/my_ur_bringup/build/lib
creating /home/student2/my_ur_ws/src/my_ur_ROS2/build/my_ur_bringup/build/lib/my_ur_bringup
copying my_ur_bringup/__init__.py -> /home/student2/my_ur_ws/src/my_ur_ROS2/build/my_ur_bringup/build/lib/my_ur_bringup
running install
running install_lib
creating /home/student2/my_ur_ws/src/my_ur_ROS2/install/my_ur_bringup/lib/python3.12/site-packages/my_ur_bringup
copying /home/student2/my_ur_ws/src/my_ur_ROS2/build/my_ur_bringup/build/lib/my_ur_bringup/__init__.py -> /home/student2/my_ur_ws/src/my_ur_ROS2/install/my_ur_bringup/lib/python3.12/site-packages/my_ur_bringup
byte-compiling /home/student2/my_ur_ws/src/my_ur_ROS2/install/my_ur_bringup/lib/python3.12/site-packages/my_ur_bringup/__init__.py to __init__.cpython-312.pyc
running install_data
creating /home/student2/my_ur_ws/src/my_ur_ROS2/install/my_ur_bringup/share/ament_index
creating /home/student2/my_ur_ws/src/my_ur_ROS2/install/my_ur_bringup/share/ament_index/resource_index
creating /home/student2/my_ur_ws/src/my_ur_ROS2/install/my_ur_bringup/share/ament_index/resource_index/packages
copying resource/my_ur_bringup -> /home/student2/my_ur_ws/src/my_ur_ROS2/install/my_ur_bringup/share/ament_index/resource_index/packages
copying package.xml -> /home/student2/my_ur_ws/src/my_ur_ROS2/install/my_ur_bringup/share/my_ur_bringup
creating /home/student2/my_ur_ws/src/my_ur_ROS2/install/my_ur_bringup/share/my_ur_bringup/launch
copying launch/real_robot.launch.py -> /home/student2/my_ur_ws/src/my_ur_ROS2/install/my_ur_bringup/share/my_ur_bringup/launch
copying launch/demo.launch.py -> /home/student2/my_ur_ws/src/my_ur_ROS2/install/my_ur_bringup/share/my_ur_bringup/launch
copying launch/load_robot_description.launch.py.kanweg -> /home/student2/my_ur_ws/src/my_ur_ROS2/install/my_ur_bringup/share/my_ur_bringup/launch
copying launch/movegroup.launch.py -> /home/student2/my_ur_ws/src/my_ur_ROS2/install/my_ur_bringup/share/my_ur_bringup/launch
copying launch/servo.launch.py -> /home/student2/my_ur_ws/src/my_ur_ROS2/install/my_ur_bringup/share/my_ur_bringup/launch
copying launch/simulation.launch.py -> /home/student2/my_ur_ws/src/my_ur_ROS2/install/my_ur_bringup/share/my_ur_bringup/launch
creating /home/student2/my_ur_ws/src/my_ur_ROS2/install/my_ur_bringup/share/my_ur_bringup/launch/support
copying launch/support/my_ur_moveit.launch.py -> /home/student2/my_ur_ws/src/my_ur_ROS2/install/my_ur_bringup/share/my_ur_bringup/launch/support
copying launch/support/bringup_control.launch.py -> /home/student2/my_ur_ws/src/my_ur_ROS2/install/my_ur_bringup/share/my_ur_bringup/launch/support
creating /home/student2/my_ur_ws/src/my_ur_ROS2/install/my_ur_bringup/share/my_ur_bringup/rviz
copying rviz/rviz_config.rviz -> /home/student2/my_ur_ws/src/my_ur_ROS2/install/my_ur_bringup/share/my_ur_bringup/rviz
creating /home/student2/my_ur_ws/src/my_ur_ROS2/install/my_ur_bringup/share/my_ur_bringup/worlds
copying worlds/empty_world.world -> /home/student2/my_ur_ws/src/my_ur_ROS2/install/my_ur_bringup/share/my_ur_bringup/worlds
creating /home/student2/my_ur_ws/src/my_ur_ROS2/install/my_ur_bringup/share/my_ur_bringup/urdf
copying urdf/ur_gz.ros2_control.xacro -> /home/student2/my_ur_ws/src/my_ur_ROS2/install/my_ur_bringup/share/my_ur_bringup/urdf
creating /home/student2/my_ur_ws/src/my_ur_ROS2/install/my_ur_bringup/share/my_ur_bringup/config
copying config/ur_controllers.yaml -> /home/student2/my_ur_ws/src/my_ur_ROS2/install/my_ur_bringup/share/my_ur_bringup/config
running install_egg_info
Copying ../build/my_ur_bringup/my_ur_bringup.egg-info to /home/student2/my_ur_ws/src/my_ur_ROS2/install/my_ur_bringup/lib/python3.12/site-packages/my_ur_bringup-0.0.0-py3.12.egg-info
running install_scripts
writing list of installed files to '/home/student2/my_ur_ws/src/my_ur_ROS2/build/my_ur_bringup/install.log'
