-- The C compiler identification is GNU 13.3.0
-- The CXX compiler identification is GNU 13.3.0
-- Detecting C compiler ABI info
-- Detecting C compiler ABI info - done
-- Check for working C compiler: /usr/bin/cc - skipped
-- Detecting C compile features
-- Detecting C compile features - done
-- Detecting CXX compiler ABI info
-- Detecting CXX compiler ABI info - done
-- Check for working CXX compiler: /usr/bin/c++ - skipped
-- Detecting CXX compile features
-- Detecting CXX compile features - done
-- Found ament_cmake: 2.5.6 (/opt/ros/jazzy/share/ament_cmake/cmake)
-- Found Python3: /usr/bin/python3 (found version "3.12.3") found components: Interpreter 
-- Found moveit_ros_planning_interface: 2.12.4 (/opt/ros/jazzy/share/moveit_ros_planning_interface/cmake)
-- Found Boost: /usr/lib/x86_64-linux-gnu/cmake/Boost-1.83.0/BoostConfig.cmake (found version "1.83.0") found components: date_time filesystem program_options system thread 
-- Found rosidl_generator_c: 4.6.7 (/opt/ros/jazzy/share/rosidl_generator_c/cmake)
-- Found rosidl_generator_cpp: 4.6.7 (/opt/ros/jazzy/share/rosidl_generator_cpp/cmake)
-- Using all available rosidl_typesupport_c: rosidl_typesupport_fastrtps_c;rosidl_typesupport_introspection_c
-- Using all available rosidl_typesupport_cpp: rosidl_typesupport_fastrtps_cpp;rosidl_typesupport_introspection_cpp
-- Found Boost: /usr/lib/x86_64-linux-gnu/cmake/Boost-1.83.0/BoostConfig.cmake (found version "1.83.0") found components: chrono date_time filesystem iostreams program_options regex serialization system thread 
-- Found parameter_traits: 0.7.1 (/opt/ros/jazzy/share/parameter_traits/cmake)
-- Found rmw_implementation_cmake: 7.3.3 (/opt/ros/jazzy/share/rmw_implementation_cmake/cmake)
-- Found rmw_fastrtps_cpp: 8.4.3 (/opt/ros/jazzy/share/rmw_fastrtps_cpp/cmake)
-- Found OpenSSL: /usr/lib/x86_64-linux-gnu/libcrypto.so (found version "3.0.13")  
-- Found FastRTPS: /opt/ros/jazzy/include (Required is at least version "2.13") 
-- Using RMW implementation 'rmw_fastrtps_cpp' as default
-- Found rclcpp_lifecycle: 28.1.18 (/opt/ros/jazzy/share/rclcpp_lifecycle/cmake)
-- Found Boost: /usr/lib/x86_64-linux-gnu/cmake/Boost-1.83.0/BoostConfig.cmake (found version "1.83.0") found components: filesystem 
-- Found Eigen3: TRUE (found version "3.4.0") 
-- Ensuring Eigen3 include directory is part of orocos-kdl CMake target
-- Found Boost: /usr/lib/x86_64-linux-gnu/cmake/Boost-1.83.0/BoostConfig.cmake (found version "1.83.0") found components: system filesystem date_time program_options thread chrono 
-- Found Boost: /usr/lib/x86_64-linux-gnu/cmake/Boost-1.83.0/BoostConfig.cmake (found version "1.83.0") found components: thread system filesystem regex date_time program_options 
-- Found Boost: /usr/lib/x86_64-linux-gnu/cmake/Boost-1.83.0/BoostConfig.cmake (found version "1.83.0") found components: system filesystem date_time program_options thread 
-- Found ament_lint_auto: 0.17.5 (/opt/ros/jazzy/share/ament_lint_auto/cmake)
-- Added test 'cppcheck' to perform static code analysis on C / C++ code
-- Configured cppcheck include dirs: $<BUILD_INTERFACE:/home/student2/my_ur_ws/src/my_ur_ROS2/my_ur_demo_cpp/include>
-- Configured cppcheck exclude dirs and/or files: 
-- Added test 'lint_cmake' to check CMake code style
-- Added test 'uncrustify' to check C / C++ code style
-- Configured uncrustify additional arguments: 
-- Added test 'xmllint' to check XML markup files
-- Configuring done (2.7s)
-- Generating done (0.0s)
-- Build files have been written to: /home/student2/my_ur_ws/src/my_ur_ROS2/build/my_ur_demo_cpp
[ 50%] [32mBuilding CXX object CMakeFiles/demo.dir/src/demo.cpp.o[0m
In file included from [01m[K/home/student2/my_ur_ws/src/my_ur_ROS2/my_ur_demo_cpp/src/demo.cpp:8[m[K:
[01m[K/opt/ros/jazzy/include/moveit_ros_planning/moveit/robot_model_loader/robot_model_loader.h:50:77:[m[K [01;36m[Knote: [m[K‘[01m[K#pragma message: .h header is obsolete. Please use the .hpp header instead.[m[K’
   50 | #pragma message(".h header is obsolete. Please use the .hpp header instead."[01;36m[K)[m[K
      |                                                                             [01;36m[K^[m[K
In file included from [01m[K/home/student2/my_ur_ws/src/my_ur_ROS2/my_ur_demo_cpp/src/demo.cpp:9[m[K:
[01m[K/opt/ros/jazzy/include/moveit_core/moveit/planning_interface/planning_interface.h:50:77:[m[K [01;36m[Knote: [m[K‘[01m[K#pragma message: .h header is obsolete. Please use the .hpp header instead.[m[K’
   50 | #pragma message(".h header is obsolete. Please use the .hpp header instead."[01;36m[K)[m[K
      |                                                                             [01;36m[K^[m[K
In file included from [01m[K/home/student2/my_ur_ws/src/my_ur_ROS2/my_ur_demo_cpp/src/demo.cpp:10[m[K:
[01m[K/opt/ros/jazzy/include/moveit_core/moveit/planning_scene/planning_scene.h:50:77:[m[K [01;36m[Knote: [m[K‘[01m[K#pragma message: .h header is obsolete. Please use the .hpp header instead.[m[K’
   50 | #pragma message(".h header is obsolete. Please use the .hpp header instead."[01;36m[K)[m[K
      |                                                                             [01;36m[K^[m[K
In file included from [01m[K/home/student2/my_ur_ws/src/my_ur_ROS2/my_ur_demo_cpp/src/demo.cpp:11[m[K:
[01m[K/opt/ros/jazzy/include/moveit_core/moveit/kinematic_constraints/utils.h:50:77:[m[K [01;36m[Knote: [m[K‘[01m[K#pragma message: .h header is obsolete. Please use the .hpp header instead.[m[K’
   50 | #pragma message(".h header is obsolete. Please use the .hpp header instead."[01;36m[K)[m[K
      |                                                                             [01;36m[K^[m[K
In file included from [01m[K/home/student2/my_ur_ws/src/my_ur_ROS2/my_ur_demo_cpp/src/demo.cpp:14[m[K:
[01m[K/opt/ros/jazzy/include/moveit_ros_planning_interface/moveit/move_group_interface/move_group_interface.h:51:77:[m[K [01;36m[Knote: [m[K‘[01m[K#pragma message: .h header is obsolete. Please use the .hpp header instead.[m[K’
   51 | #pragma message(".h header is obsolete. Please use the .hpp header instead."[01;36m[K)[m[K
      |                                                                             [01;36m[K^[m[K
[100%] [32m[1mLinking CXX executable demo[0m
[100%] Built target demo
-- Install configuration: ""
-- Installing: /home/student2/my_ur_ws/src/my_ur_ROS2/install/my_ur_demo_cpp/lib/my_ur_demo_cpp/demo
-- Set non-toolchain portion of runtime path of "/home/student2/my_ur_ws/src/my_ur_ROS2/install/my_ur_demo_cpp/lib/my_ur_demo_cpp/demo" to ""
-- Installing: /home/student2/my_ur_ws/src/my_ur_ROS2/install/my_ur_demo_cpp/share/ament_index/resource_index/package_run_dependencies/my_ur_demo_cpp
-- Installing: /home/student2/my_ur_ws/src/my_ur_ROS2/install/my_ur_demo_cpp/share/ament_index/resource_index/parent_prefix_path/my_ur_demo_cpp
-- Installing: /home/student2/my_ur_ws/src/my_ur_ROS2/install/my_ur_demo_cpp/share/my_ur_demo_cpp/environment/ament_prefix_path.sh
-- Installing: /home/student2/my_ur_ws/src/my_ur_ROS2/install/my_ur_demo_cpp/share/my_ur_demo_cpp/environment/ament_prefix_path.dsv
-- Installing: /home/student2/my_ur_ws/src/my_ur_ROS2/install/my_ur_demo_cpp/share/my_ur_demo_cpp/environment/path.sh
-- Installing: /home/student2/my_ur_ws/src/my_ur_ROS2/install/my_ur_demo_cpp/share/my_ur_demo_cpp/environment/path.dsv
-- Installing: /home/student2/my_ur_ws/src/my_ur_ROS2/install/my_ur_demo_cpp/share/my_ur_demo_cpp/local_setup.bash
-- Installing: /home/student2/my_ur_ws/src/my_ur_ROS2/install/my_ur_demo_cpp/share/my_ur_demo_cpp/local_setup.sh
-- Installing: /home/student2/my_ur_ws/src/my_ur_ROS2/install/my_ur_demo_cpp/share/my_ur_demo_cpp/local_setup.zsh
-- Installing: /home/student2/my_ur_ws/src/my_ur_ROS2/install/my_ur_demo_cpp/share/my_ur_demo_cpp/local_setup.dsv
-- Installing: /home/student2/my_ur_ws/src/my_ur_ROS2/install/my_ur_demo_cpp/share/my_ur_demo_cpp/package.dsv
-- Installing: /home/student2/my_ur_ws/src/my_ur_ROS2/install/my_ur_demo_cpp/share/ament_index/resource_index/packages/my_ur_demo_cpp
-- Installing: /home/student2/my_ur_ws/src/my_ur_ROS2/install/my_ur_demo_cpp/share/my_ur_demo_cpp/cmake/my_ur_demo_cppConfig.cmake
-- Installing: /home/student2/my_ur_ws/src/my_ur_ROS2/install/my_ur_demo_cpp/share/my_ur_demo_cpp/cmake/my_ur_demo_cppConfig-version.cmake
-- Installing: /home/student2/my_ur_ws/src/my_ur_ROS2/install/my_ur_demo_cpp/share/my_ur_demo_cpp/package.xml
