[1.390s] Invoking command in '/home/student2/my_ur_ws/src/my_ur_ROS2/my_ur_demo': DEBUGINFOD_URLS=https://debuginfod.ubuntu.com PYTHONPATH=/home/student2/my_ur_ws/src/my_ur_ROS2/build/my_ur_demo/prefix_override:/usr/lib/python3/dist-packages/colcon_core/task/python/colcon_distutils_commands:/home/student2/my_ur_ws/src/my_ur_ROS2/install/my_ur_demo/lib/python3.12/site-packages:${PYTHONPATH} /usr/bin/python3 -W ignore:setup.py install is deprecated -W ignore:easy_install command is deprecated setup.py egg_info --egg-base ../build/my_ur_demo build --build-base /home/student2/my_ur_ws/src/my_ur_ROS2/build/my_ur_demo/build install --record /home/student2/my_ur_ws/src/my_ur_ROS2/build/my_ur_demo/install.log --single-version-externally-managed install_data
[1.694s] running egg_info
[1.694s] creating ../build/my_ur_demo/my_ur_demo.egg-info
[1.717s] writing ../build/my_ur_demo/my_ur_demo.egg-info/PKG-INFO
[1.717s] writing dependency_links to ../build/my_ur_demo/my_ur_demo.egg-info/dependency_links.txt
[1.717s] writing entry points to ../build/my_ur_demo/my_ur_demo.egg-info/entry_points.txt
[1.717s] writing requirements to ../build/my_ur_demo/my_ur_demo.egg-info/requires.txt
[1.717s] writing top-level names to ../build/my_ur_demo/my_ur_demo.egg-info/top_level.txt
[1.717s] writing manifest file '../build/my_ur_demo/my_ur_demo.egg-info/SOURCES.txt'
[1.765s] reading manifest file '../build/my_ur_demo/my_ur_demo.egg-info/SOURCES.txt'
[1.765s] writing manifest file '../build/my_ur_demo/my_ur_demo.egg-info/SOURCES.txt'
[1.766s] running build
[1.766s] running build_py
[1.766s] creating /home/student2/my_ur_ws/src/my_ur_ROS2/build/my_ur_demo/build
[1.766s] creating /home/student2/my_ur_ws/src/my_ur_ROS2/build/my_ur_demo/build/lib
[1.766s] creating /home/student2/my_ur_ws/src/my_ur_ROS2/build/my_ur_demo/build/lib/my_ur_demo
[1.766s] copying my_ur_demo/__init__.py -> /home/student2/my_ur_ws/src/my_ur_ROS2/build/my_ur_demo/build/lib/my_ur_demo
[1.766s] copying my_ur_demo/demo.py -> /home/student2/my_ur_ws/src/my_ur_ROS2/build/my_ur_demo/build/lib/my_ur_demo
[1.766s] running install
[1.772s] running install_lib
[1.795s] creating /home/student2/my_ur_ws/src/my_ur_ROS2/install/my_ur_demo/lib/python3.12/site-packages/my_ur_demo
[1.795s] copying /home/student2/my_ur_ws/src/my_ur_ROS2/build/my_ur_demo/build/lib/my_ur_demo/__init__.py -> /home/student2/my_ur_ws/src/my_ur_ROS2/install/my_ur_demo/lib/python3.12/site-packages/my_ur_demo
[1.795s] copying /home/student2/my_ur_ws/src/my_ur_ROS2/build/my_ur_demo/build/lib/my_ur_demo/demo.py -> /home/student2/my_ur_ws/src/my_ur_ROS2/install/my_ur_demo/lib/python3.12/site-packages/my_ur_demo
[1.795s] byte-compiling /home/student2/my_ur_ws/src/my_ur_ROS2/install/my_ur_demo/lib/python3.12/site-packages/my_ur_demo/__init__.py to __init__.cpython-312.pyc
[1.796s] byte-compiling /home/student2/my_ur_ws/src/my_ur_ROS2/install/my_ur_demo/lib/python3.12/site-packages/my_ur_demo/demo.py to demo.cpython-312.pyc
[1.797s] running install_data
[1.797s] creating /home/student2/my_ur_ws/src/my_ur_ROS2/install/my_ur_demo/share/ament_index
[1.797s] creating /home/student2/my_ur_ws/src/my_ur_ROS2/install/my_ur_demo/share/ament_index/resource_index
[1.797s] creating /home/student2/my_ur_ws/src/my_ur_ROS2/install/my_ur_demo/share/ament_index/resource_index/packages
[1.797s] copying resource/my_ur_demo -> /home/student2/my_ur_ws/src/my_ur_ROS2/install/my_ur_demo/share/ament_index/resource_index/packages
[1.797s] copying package.xml -> /home/student2/my_ur_ws/src/my_ur_ROS2/install/my_ur_demo/share/my_ur_demo
[1.797s] running install_egg_info
[1.822s] Copying ../build/my_ur_demo/my_ur_demo.egg-info to /home/student2/my_ur_ws/src/my_ur_ROS2/install/my_ur_demo/lib/python3.12/site-packages/my_ur_demo-0.0.0-py3.12.egg-info
[1.822s] running install_scripts
[1.973s] Installing demo script to /home/student2/my_ur_ws/src/my_ur_ROS2/install/my_ur_demo/lib/my_ur_demo
[1.973s] writing list of installed files to '/home/student2/my_ur_ws/src/my_ur_ROS2/build/my_ur_demo/install.log'
[2.010s] Invoked command in '/home/student2/my_ur_ws/src/my_ur_ROS2/my_ur_demo' returned '0': DEBUGINFOD_URLS=https://debuginfod.ubuntu.com PYTHONPATH=/home/student2/my_ur_ws/src/my_ur_ROS2/build/my_ur_demo/prefix_override:/usr/lib/python3/dist-packages/colcon_core/task/python/colcon_distutils_commands:/home/student2/my_ur_ws/src/my_ur_ROS2/install/my_ur_demo/lib/python3.12/site-packages:${PYTHONPATH} /usr/bin/python3 -W ignore:setup.py install is deprecated -W ignore:easy_install command is deprecated setup.py egg_info --egg-base ../build/my_ur_demo build --build-base /home/student2/my_ur_ws/src/my_ur_ROS2/build/my_ur_demo/build install --record /home/student2/my_ur_ws/src/my_ur_ROS2/build/my_ur_demo/install.log --single-version-externally-managed install_data
