[0.034s] Invoking command in '/home/student2/my_ur_ws/src/my_ur_ROS2/build/my_ur': CMAKE_PREFIX_PATH=${CMAKE_PREFIX_PATH}:/home/student2/my_ur_ws/install/robotiq_app:/home/student2/my_ur_ws/install/my_ur_demo:/home/student2/my_ur_ws/install/my_ur_bringup:/home/student2/teachbot_ws/install/teachbot_ros:/home/student2/teachbot_ws/install/teachbot_recorder:/home/student2/teachbot_ws/install/teachbot_follower:/home/student2/teachbot_ws/install/teachbot_description:/home/student2/ros2_industrial_ws/install/urdf_basics:/home/student2/ros2_industrial_ws/install/transferframes:/home/student2/ros2_industrial_ws/install/template_package_python:/home/student2/ros2_industrial_ws/install/ros_industrial_utilities:/home/student2/ros2_industrial_ws/install/ros_industrial_support:/home/student2/ros2_industrial_ws/install/range_sensor:/home/student2/ros2_industrial_ws/install/node_demo:/home/student2/ros2_industrial_ws/install/manipulation:/home/student2/ros2_industrial_ws/install/fanuc_robots:/home/student2/xarm_ws/install/uf_ros_lib:/opt/ros/jazzy DEBUGINFOD_URLS=https://debuginfod.ubuntu.com /usr/bin/cmake /home/student2/my_ur_ws/src/my_ur_ROS2/my_ur -DCMAKE_INSTALL_PREFIX=/home/student2/my_ur_ws/src/my_ur_ROS2/install/my_ur
[0.560s] -- The C compiler identification is GNU 13.3.0
[0.561s] -- The CXX compiler identification is GNU 13.3.0
[0.561s] -- Detecting C compiler ABI info
[0.561s] -- Detecting C compiler ABI info - done
[0.561s] -- Check for working C compiler: /usr/bin/cc - skipped
[0.561s] -- Detecting C compile features
[0.561s] -- Detecting C compile features - done
[0.561s] -- Detecting CXX compiler ABI info
[0.561s] -- Detecting CXX compiler ABI info - done
[0.561s] -- Check for working CXX compiler: /usr/bin/c++ - skipped
[0.561s] -- Detecting CXX compile features
[0.561s] -- Detecting CXX compile features - done
[0.561s] -- Found ament_cmake: 2.5.6 (/opt/ros/jazzy/share/ament_cmake/cmake)
[0.781s] -- Found Python3: /usr/bin/python3 (found version "3.12.3") found components: Interpreter 
[1.059s] -- Configuring done (1.0s)
[1.062s] -- Generating done (0.0s)
[1.064s] -- Build files have been written to: /home/student2/my_ur_ws/src/my_ur_ROS2/build/my_ur
[1.069s] Invoked command in '/home/student2/my_ur_ws/src/my_ur_ROS2/build/my_ur' returned '0': CMAKE_PREFIX_PATH=${CMAKE_PREFIX_PATH}:/home/student2/my_ur_ws/install/robotiq_app:/home/student2/my_ur_ws/install/my_ur_demo:/home/student2/my_ur_ws/install/my_ur_bringup:/home/student2/teachbot_ws/install/teachbot_ros:/home/student2/teachbot_ws/install/teachbot_recorder:/home/student2/teachbot_ws/install/teachbot_follower:/home/student2/teachbot_ws/install/teachbot_description:/home/student2/ros2_industrial_ws/install/urdf_basics:/home/student2/ros2_industrial_ws/install/transferframes:/home/student2/ros2_industrial_ws/install/template_package_python:/home/student2/ros2_industrial_ws/install/ros_industrial_utilities:/home/student2/ros2_industrial_ws/install/ros_industrial_support:/home/student2/ros2_industrial_ws/install/range_sensor:/home/student2/ros2_industrial_ws/install/node_demo:/home/student2/ros2_industrial_ws/install/manipulation:/home/student2/ros2_industrial_ws/install/fanuc_robots:/home/student2/xarm_ws/install/uf_ros_lib:/opt/ros/jazzy DEBUGINFOD_URLS=https://debuginfod.ubuntu.com /usr/bin/cmake /home/student2/my_ur_ws/src/my_ur_ROS2/my_ur -DCMAKE_INSTALL_PREFIX=/home/student2/my_ur_ws/src/my_ur_ROS2/install/my_ur
[1.070s] Invoking command in '/home/student2/my_ur_ws/src/my_ur_ROS2/build/my_ur': CMAKE_PREFIX_PATH=${CMAKE_PREFIX_PATH}:/home/student2/my_ur_ws/install/robotiq_app:/home/student2/my_ur_ws/install/my_ur_demo:/home/student2/my_ur_ws/install/my_ur_bringup:/home/student2/teachbot_ws/install/teachbot_ros:/home/student2/teachbot_ws/install/teachbot_recorder:/home/student2/teachbot_ws/install/teachbot_follower:/home/student2/teachbot_ws/install/teachbot_description:/home/student2/ros2_industrial_ws/install/urdf_basics:/home/student2/ros2_industrial_ws/install/transferframes:/home/student2/ros2_industrial_ws/install/template_package_python:/home/student2/ros2_industrial_ws/install/ros_industrial_utilities:/home/student2/ros2_industrial_ws/install/ros_industrial_support:/home/student2/ros2_industrial_ws/install/range_sensor:/home/student2/ros2_industrial_ws/install/node_demo:/home/student2/ros2_industrial_ws/install/manipulation:/home/student2/ros2_industrial_ws/install/fanuc_robots:/home/student2/xarm_ws/install/uf_ros_lib:/opt/ros/jazzy DEBUGINFOD_URLS=https://debuginfod.ubuntu.com /usr/bin/cmake --build /home/student2/my_ur_ws/src/my_ur_ROS2/build/my_ur -- -j8 -l8
[1.108s] Invoked command in '/home/student2/my_ur_ws/src/my_ur_ROS2/build/my_ur' returned '0': CMAKE_PREFIX_PATH=${CMAKE_PREFIX_PATH}:/home/student2/my_ur_ws/install/robotiq_app:/home/student2/my_ur_ws/install/my_ur_demo:/home/student2/my_ur_ws/install/my_ur_bringup:/home/student2/teachbot_ws/install/teachbot_ros:/home/student2/teachbot_ws/install/teachbot_recorder:/home/student2/teachbot_ws/install/teachbot_follower:/home/student2/teachbot_ws/install/teachbot_description:/home/student2/ros2_industrial_ws/install/urdf_basics:/home/student2/ros2_industrial_ws/install/transferframes:/home/student2/ros2_industrial_ws/install/template_package_python:/home/student2/ros2_industrial_ws/install/ros_industrial_utilities:/home/student2/ros2_industrial_ws/install/ros_industrial_support:/home/student2/ros2_industrial_ws/install/range_sensor:/home/student2/ros2_industrial_ws/install/node_demo:/home/student2/ros2_industrial_ws/install/manipulation:/home/student2/ros2_industrial_ws/install/fanuc_robots:/home/student2/xarm_ws/install/uf_ros_lib:/opt/ros/jazzy DEBUGINFOD_URLS=https://debuginfod.ubuntu.com /usr/bin/cmake --build /home/student2/my_ur_ws/src/my_ur_ROS2/build/my_ur -- -j8 -l8
[1.116s] Invoking command in '/home/student2/my_ur_ws/src/my_ur_ROS2/build/my_ur': CMAKE_PREFIX_PATH=${CMAKE_PREFIX_PATH}:/home/student2/my_ur_ws/install/robotiq_app:/home/student2/my_ur_ws/install/my_ur_demo:/home/student2/my_ur_ws/install/my_ur_bringup:/home/student2/teachbot_ws/install/teachbot_ros:/home/student2/teachbot_ws/install/teachbot_recorder:/home/student2/teachbot_ws/install/teachbot_follower:/home/student2/teachbot_ws/install/teachbot_description:/home/student2/ros2_industrial_ws/install/urdf_basics:/home/student2/ros2_industrial_ws/install/transferframes:/home/student2/ros2_industrial_ws/install/template_package_python:/home/student2/ros2_industrial_ws/install/ros_industrial_utilities:/home/student2/ros2_industrial_ws/install/ros_industrial_support:/home/student2/ros2_industrial_ws/install/range_sensor:/home/student2/ros2_industrial_ws/install/node_demo:/home/student2/ros2_industrial_ws/install/manipulation:/home/student2/ros2_industrial_ws/install/fanuc_robots:/home/student2/xarm_ws/install/uf_ros_lib:/opt/ros/jazzy DEBUGINFOD_URLS=https://debuginfod.ubuntu.com /usr/bin/cmake --install /home/student2/my_ur_ws/src/my_ur_ROS2/build/my_ur
[1.124s] -- Install configuration: ""
[1.124s] -- Installing: /home/student2/my_ur_ws/src/my_ur_ROS2/install/my_ur/share/ament_index/resource_index/package_run_dependencies/my_ur
[1.124s] -- Installing: /home/student2/my_ur_ws/src/my_ur_ROS2/install/my_ur/share/ament_index/resource_index/parent_prefix_path/my_ur
[1.125s] -- Installing: /home/student2/my_ur_ws/src/my_ur_ROS2/install/my_ur/share/my_ur/environment/ament_prefix_path.sh
[1.125s] -- Installing: /home/student2/my_ur_ws/src/my_ur_ROS2/install/my_ur/share/my_ur/environment/ament_prefix_path.dsv
[1.125s] -- Installing: /home/student2/my_ur_ws/src/my_ur_ROS2/install/my_ur/share/my_ur/environment/path.sh
[1.126s] -- Installing: /home/student2/my_ur_ws/src/my_ur_ROS2/install/my_ur/share/my_ur/environment/path.dsv
[1.126s] -- Installing: /home/student2/my_ur_ws/src/my_ur_ROS2/install/my_ur/share/my_ur/local_setup.bash
[1.126s] -- Installing: /home/student2/my_ur_ws/src/my_ur_ROS2/install/my_ur/share/my_ur/local_setup.sh
[1.126s] -- Installing: /home/student2/my_ur_ws/src/my_ur_ROS2/install/my_ur/share/my_ur/local_setup.zsh
[1.126s] -- Installing: /home/student2/my_ur_ws/src/my_ur_ROS2/install/my_ur/share/my_ur/local_setup.dsv
[1.127s] -- Installing: /home/student2/my_ur_ws/src/my_ur_ROS2/install/my_ur/share/my_ur/package.dsv
[1.127s] -- Installing: /home/student2/my_ur_ws/src/my_ur_ROS2/install/my_ur/share/ament_index/resource_index/packages/my_ur
[1.127s] -- Installing: /home/student2/my_ur_ws/src/my_ur_ROS2/install/my_ur/share/my_ur/cmake/my_urConfig.cmake
[1.127s] -- Installing: /home/student2/my_ur_ws/src/my_ur_ROS2/install/my_ur/share/my_ur/cmake/my_urConfig-version.cmake
[1.127s] -- Installing: /home/student2/my_ur_ws/src/my_ur_ROS2/install/my_ur/share/my_ur/package.xml
[1.128s] Invoked command in '/home/student2/my_ur_ws/src/my_ur_ROS2/build/my_ur' returned '0': CMAKE_PREFIX_PATH=${CMAKE_PREFIX_PATH}:/home/student2/my_ur_ws/install/robotiq_app:/home/student2/my_ur_ws/install/my_ur_demo:/home/student2/my_ur_ws/install/my_ur_bringup:/home/student2/teachbot_ws/install/teachbot_ros:/home/student2/teachbot_ws/install/teachbot_recorder:/home/student2/teachbot_ws/install/teachbot_follower:/home/student2/teachbot_ws/install/teachbot_description:/home/student2/ros2_industrial_ws/install/urdf_basics:/home/student2/ros2_industrial_ws/install/transferframes:/home/student2/ros2_industrial_ws/install/template_package_python:/home/student2/ros2_industrial_ws/install/ros_industrial_utilities:/home/student2/ros2_industrial_ws/install/ros_industrial_support:/home/student2/ros2_industrial_ws/install/range_sensor:/home/student2/ros2_industrial_ws/install/node_demo:/home/student2/ros2_industrial_ws/install/manipulation:/home/student2/ros2_industrial_ws/install/fanuc_robots:/home/student2/xarm_ws/install/uf_ros_lib:/opt/ros/jazzy DEBUGINFOD_URLS=https://debuginfod.ubuntu.com /usr/bin/cmake --install /home/student2/my_ur_ws/src/my_ur_ROS2/build/my_ur
