[0.042s] Invoking command in '/home/student2/my_ur_ws/src/my_ur_ROS2/build/my_ur_description': CMAKE_PREFIX_PATH=${CMAKE_PREFIX_PATH}:/home/student2/my_ur_ws/install/robotiq_app:/home/student2/my_ur_ws/install/my_ur_demo:/home/student2/my_ur_ws/install/my_ur_bringup:/home/student2/teachbot_ws/install/teachbot_ros:/home/student2/teachbot_ws/install/teachbot_recorder:/home/student2/teachbot_ws/install/teachbot_follower:/home/student2/teachbot_ws/install/teachbot_description:/home/student2/ros2_industrial_ws/install/urdf_basics:/home/student2/ros2_industrial_ws/install/transferframes:/home/student2/ros2_industrial_ws/install/template_package_python:/home/student2/ros2_industrial_ws/install/ros_industrial_utilities:/home/student2/ros2_industrial_ws/install/ros_industrial_support:/home/student2/ros2_industrial_ws/install/range_sensor:/home/student2/ros2_industrial_ws/install/node_demo:/home/student2/ros2_industrial_ws/install/manipulation:/home/student2/ros2_industrial_ws/install/fanuc_robots:/home/student2/xarm_ws/install/uf_ros_lib:/opt/ros/jazzy DEBUGINFOD_URLS=https://debuginfod.ubuntu.com /usr/bin/cmake /home/student2/my_ur_ws/src/my_ur_ROS2/my_ur_description -DCMAKE_INSTALL_PREFIX=/home/student2/my_ur_ws/src/my_ur_ROS2/install/my_ur_description
[0.571s] -- The C compiler identification is GNU 13.3.0
[0.571s] -- The CXX compiler identification is GNU 13.3.0
[0.571s] -- Detecting C compiler ABI info
[0.572s] -- Detecting C compiler ABI info - done
[0.572s] -- Check for working C compiler: /usr/bin/cc - skipped
[0.572s] -- Detecting C compile features
[0.572s] -- Detecting C compile features - done
[0.572s] -- Detecting CXX compiler ABI info
[0.572s] -- Detecting CXX compiler ABI info - done
[0.572s] -- Check for working CXX compiler: /usr/bin/c++ - skipped
[0.572s] -- Detecting CXX compile features
[0.572s] -- Detecting CXX compile features - done
[0.572s] -- Found ament_cmake: 2.5.6 (/opt/ros/jazzy/share/ament_cmake/cmake)
[0.785s] -- Found Python3: /usr/bin/python3 (found version "3.12.3") found components: Interpreter 
[0.972s] -- Found ament_cmake_pytest: 2.5.6 (/opt/ros/jazzy/share/ament_cmake_pytest/cmake)
[1.082s] -- Configuring done (1.0s)
[1.085s] -- Generating done (0.0s)
[1.089s] -- Build files have been written to: /home/student2/my_ur_ws/src/my_ur_ROS2/build/my_ur_description
[1.097s] Invoked command in '/home/student2/my_ur_ws/src/my_ur_ROS2/build/my_ur_description' returned '0': CMAKE_PREFIX_PATH=${CMAKE_PREFIX_PATH}:/home/student2/my_ur_ws/install/robotiq_app:/home/student2/my_ur_ws/install/my_ur_demo:/home/student2/my_ur_ws/install/my_ur_bringup:/home/student2/teachbot_ws/install/teachbot_ros:/home/student2/teachbot_ws/install/teachbot_recorder:/home/student2/teachbot_ws/install/teachbot_follower:/home/student2/teachbot_ws/install/teachbot_description:/home/student2/ros2_industrial_ws/install/urdf_basics:/home/student2/ros2_industrial_ws/install/transferframes:/home/student2/ros2_industrial_ws/install/template_package_python:/home/student2/ros2_industrial_ws/install/ros_industrial_utilities:/home/student2/ros2_industrial_ws/install/ros_industrial_support:/home/student2/ros2_industrial_ws/install/range_sensor:/home/student2/ros2_industrial_ws/install/node_demo:/home/student2/ros2_industrial_ws/install/manipulation:/home/student2/ros2_industrial_ws/install/fanuc_robots:/home/student2/xarm_ws/install/uf_ros_lib:/opt/ros/jazzy DEBUGINFOD_URLS=https://debuginfod.ubuntu.com /usr/bin/cmake /home/student2/my_ur_ws/src/my_ur_ROS2/my_ur_description -DCMAKE_INSTALL_PREFIX=/home/student2/my_ur_ws/src/my_ur_ROS2/install/my_ur_description
[1.098s] Invoking command in '/home/student2/my_ur_ws/src/my_ur_ROS2/build/my_ur_description': CMAKE_PREFIX_PATH=${CMAKE_PREFIX_PATH}:/home/student2/my_ur_ws/install/robotiq_app:/home/student2/my_ur_ws/install/my_ur_demo:/home/student2/my_ur_ws/install/my_ur_bringup:/home/student2/teachbot_ws/install/teachbot_ros:/home/student2/teachbot_ws/install/teachbot_recorder:/home/student2/teachbot_ws/install/teachbot_follower:/home/student2/teachbot_ws/install/teachbot_description:/home/student2/ros2_industrial_ws/install/urdf_basics:/home/student2/ros2_industrial_ws/install/transferframes:/home/student2/ros2_industrial_ws/install/template_package_python:/home/student2/ros2_industrial_ws/install/ros_industrial_utilities:/home/student2/ros2_industrial_ws/install/ros_industrial_support:/home/student2/ros2_industrial_ws/install/range_sensor:/home/student2/ros2_industrial_ws/install/node_demo:/home/student2/ros2_industrial_ws/install/manipulation:/home/student2/ros2_industrial_ws/install/fanuc_robots:/home/student2/xarm_ws/install/uf_ros_lib:/opt/ros/jazzy DEBUGINFOD_URLS=https://debuginfod.ubuntu.com /usr/bin/cmake --build /home/student2/my_ur_ws/src/my_ur_ROS2/build/my_ur_description -- -j8 -l8
[1.138s] Invoked command in '/home/student2/my_ur_ws/src/my_ur_ROS2/build/my_ur_description' returned '0': CMAKE_PREFIX_PATH=${CMAKE_PREFIX_PATH}:/home/student2/my_ur_ws/install/robotiq_app:/home/student2/my_ur_ws/install/my_ur_demo:/home/student2/my_ur_ws/install/my_ur_bringup:/home/student2/teachbot_ws/install/teachbot_ros:/home/student2/teachbot_ws/install/teachbot_recorder:/home/student2/teachbot_ws/install/teachbot_follower:/home/student2/teachbot_ws/install/teachbot_description:/home/student2/ros2_industrial_ws/install/urdf_basics:/home/student2/ros2_industrial_ws/install/transferframes:/home/student2/ros2_industrial_ws/install/template_package_python:/home/student2/ros2_industrial_ws/install/ros_industrial_utilities:/home/student2/ros2_industrial_ws/install/ros_industrial_support:/home/student2/ros2_industrial_ws/install/range_sensor:/home/student2/ros2_industrial_ws/install/node_demo:/home/student2/ros2_industrial_ws/install/manipulation:/home/student2/ros2_industrial_ws/install/fanuc_robots:/home/student2/xarm_ws/install/uf_ros_lib:/opt/ros/jazzy DEBUGINFOD_URLS=https://debuginfod.ubuntu.com /usr/bin/cmake --build /home/student2/my_ur_ws/src/my_ur_ROS2/build/my_ur_description -- -j8 -l8
[1.139s] Invoking command in '/home/student2/my_ur_ws/src/my_ur_ROS2/build/my_ur_description': CMAKE_PREFIX_PATH=${CMAKE_PREFIX_PATH}:/home/student2/my_ur_ws/install/robotiq_app:/home/student2/my_ur_ws/install/my_ur_demo:/home/student2/my_ur_ws/install/my_ur_bringup:/home/student2/teachbot_ws/install/teachbot_ros:/home/student2/teachbot_ws/install/teachbot_recorder:/home/student2/teachbot_ws/install/teachbot_follower:/home/student2/teachbot_ws/install/teachbot_description:/home/student2/ros2_industrial_ws/install/urdf_basics:/home/student2/ros2_industrial_ws/install/transferframes:/home/student2/ros2_industrial_ws/install/template_package_python:/home/student2/ros2_industrial_ws/install/ros_industrial_utilities:/home/student2/ros2_industrial_ws/install/ros_industrial_support:/home/student2/ros2_industrial_ws/install/range_sensor:/home/student2/ros2_industrial_ws/install/node_demo:/home/student2/ros2_industrial_ws/install/manipulation:/home/student2/ros2_industrial_ws/install/fanuc_robots:/home/student2/xarm_ws/install/uf_ros_lib:/opt/ros/jazzy DEBUGINFOD_URLS=https://debuginfod.ubuntu.com /usr/bin/cmake --install /home/student2/my_ur_ws/src/my_ur_ROS2/build/my_ur_description
[1.148s] -- Install configuration: ""
[1.148s] -- Installing: /home/student2/my_ur_ws/src/my_ur_ROS2/install/my_ur_description/share/my_ur_description/launch
[1.148s] -- Installing: /home/student2/my_ur_ws/src/my_ur_ROS2/install/my_ur_description/share/my_ur_description/launch/view_environment.launch.py
[1.148s] -- Installing: /home/student2/my_ur_ws/src/my_ur_ROS2/install/my_ur_description/share/my_ur_description/rviz
[1.149s] -- Installing: /home/student2/my_ur_ws/src/my_ur_ROS2/install/my_ur_description/share/my_ur_description/rviz/view_robot.rviz
[1.149s] -- Installing: /home/student2/my_ur_ws/src/my_ur_ROS2/install/my_ur_description/share/my_ur_description/urdf
[1.149s] -- Installing: /home/student2/my_ur_ws/src/my_ur_ROS2/install/my_ur_description/share/my_ur_description/urdf/ur.urdf.xacro
[1.149s] -- Installing: /home/student2/my_ur_ws/src/my_ur_ROS2/install/my_ur_description/share/my_ur_description/urdf/initial_positions.yaml
[1.149s] -- Installing: /home/student2/my_ur_ws/src/my_ur_ROS2/install/my_ur_description/share/ament_index/resource_index/package_run_dependencies/my_ur_description
[1.150s] -- Installing: /home/student2/my_ur_ws/src/my_ur_ROS2/install/my_ur_description/share/ament_index/resource_index/parent_prefix_path/my_ur_description
[1.150s] -- Installing: /home/student2/my_ur_ws/src/my_ur_ROS2/install/my_ur_description/share/my_ur_description/environment/ament_prefix_path.sh
[1.150s] -- Installing: /home/student2/my_ur_ws/src/my_ur_ROS2/install/my_ur_description/share/my_ur_description/environment/ament_prefix_path.dsv
[1.150s] -- Installing: /home/student2/my_ur_ws/src/my_ur_ROS2/install/my_ur_description/share/my_ur_description/environment/path.sh
[1.150s] -- Installing: /home/student2/my_ur_ws/src/my_ur_ROS2/install/my_ur_description/share/my_ur_description/environment/path.dsv
[1.150s] -- Installing: /home/student2/my_ur_ws/src/my_ur_ROS2/install/my_ur_description/share/my_ur_description/local_setup.bash
[1.150s] -- Installing: /home/student2/my_ur_ws/src/my_ur_ROS2/install/my_ur_description/share/my_ur_description/local_setup.sh
[1.150s] -- Installing: /home/student2/my_ur_ws/src/my_ur_ROS2/install/my_ur_description/share/my_ur_description/local_setup.zsh
[1.150s] -- Installing: /home/student2/my_ur_ws/src/my_ur_ROS2/install/my_ur_description/share/my_ur_description/local_setup.dsv
[1.150s] -- Installing: /home/student2/my_ur_ws/src/my_ur_ROS2/install/my_ur_description/share/my_ur_description/package.dsv
[1.150s] -- Installing: /home/student2/my_ur_ws/src/my_ur_ROS2/install/my_ur_description/share/ament_index/resource_index/packages/my_ur_description
[1.151s] -- Installing: /home/student2/my_ur_ws/src/my_ur_ROS2/install/my_ur_description/share/my_ur_description/cmake/my_ur_descriptionConfig.cmake
[1.151s] -- Installing: /home/student2/my_ur_ws/src/my_ur_ROS2/install/my_ur_description/share/my_ur_description/cmake/my_ur_descriptionConfig-version.cmake
[1.151s] -- Installing: /home/student2/my_ur_ws/src/my_ur_ROS2/install/my_ur_description/share/my_ur_description/package.xml
[1.160s] Invoked command in '/home/student2/my_ur_ws/src/my_ur_ROS2/build/my_ur_description' returned '0': CMAKE_PREFIX_PATH=${CMAKE_PREFIX_PATH}:/home/student2/my_ur_ws/install/robotiq_app:/home/student2/my_ur_ws/install/my_ur_demo:/home/student2/my_ur_ws/install/my_ur_bringup:/home/student2/teachbot_ws/install/teachbot_ros:/home/student2/teachbot_ws/install/teachbot_recorder:/home/student2/teachbot_ws/install/teachbot_follower:/home/student2/teachbot_ws/install/teachbot_description:/home/student2/ros2_industrial_ws/install/urdf_basics:/home/student2/ros2_industrial_ws/install/transferframes:/home/student2/ros2_industrial_ws/install/template_package_python:/home/student2/ros2_industrial_ws/install/ros_industrial_utilities:/home/student2/ros2_industrial_ws/install/ros_industrial_support:/home/student2/ros2_industrial_ws/install/range_sensor:/home/student2/ros2_industrial_ws/install/node_demo:/home/student2/ros2_industrial_ws/install/manipulation:/home/student2/ros2_industrial_ws/install/fanuc_robots:/home/student2/xarm_ws/install/uf_ros_lib:/opt/ros/jazzy DEBUGINFOD_URLS=https://debuginfod.ubuntu.com /usr/bin/cmake --install /home/student2/my_ur_ws/src/my_ur_ROS2/build/my_ur_description
